// Jest Snapshot v1, https://goo.gl/fbAQLP

exports[`AddIcon Component renders correctly 1`] = `
<View
  accessibilityState={
    {
      "busy": undefined,
      "checked": undefined,
      "disabled": undefined,
      "expanded": undefined,
      "selected": undefined,
    }
  }
  accessibilityValue={
    {
      "max": undefined,
      "min": undefined,
      "now": undefined,
      "text": undefined,
    }
  }
  accessible={true}
  collapsable={false}
  focusable={true}
  onBlur={[Function]}
  onClick={[Function]}
  onFocus={[Function]}
  onResponderGrant={[Function]}
  onResponderMove={[Function]}
  onResponderRelease={[Function]}
  onResponderTerminate={[Function]}
  onResponderTerminationRequest={[Function]}
  onStartShouldSetResponder={[Function]}
  style={
    [
      {
        "alignItems": "center",
        "backgroundColor": "#21951e",
        "borderRadius": 25,
        "elevation": 5,
        "height": 50,
        "justifyContent": "center",
        "shadowColor": "rgba(236, 224, 248, 0.5)",
        "shadowOffset": {
          "height": 2,
          "width": 2,
        },
        "shadowOpacity": 1,
        "shadowRadius": 3.84,
        "width": 50,
      },
      undefined,
    ]
  }
  testID="add-icon"
>
  <Icon
    color="#FFFFFF"
    name="plus"
    size={25}
  />
</View>
`;
